// Jest Snapshot v1, https://goo.gl/fbAQLP

exports[`Calculator snapshot Renders the Calculator page 1`] = `
<div
  className="App"
>
  <div
    className="App-calculator"
  >
    <div
      className="Display"
    >
      
    
    0
    </div>
    <div
      className="btnCont"
    >
      <button
        className="btn btn0"
        name="AC"
        onClick={[Function]}
        type="button"
      >
        AC
      </button>
      <button
        className="btn btn1"
        name="±"
        onClick={[Function]}
        type="button"
      >
        ±
      </button>
      <button
        className="btn btn2"
        name="%"
        onClick={[Function]}
        type="button"
      >
        %
      </button>
      <button
        className="btn btn3"
        name="÷"
        onClick={[Function]}
        type="button"
      >
        ÷
      </button>
    </div>
    <div
      className="btnCont"
    >
      <button
        className="btn btn0"
        name="7"
        onClick={[Function]}
        type="button"
      >
        7
      </button>
      <button
        className="btn btn1"
        name="8"
        onClick={[Function]}
        type="button"
      >
        8
      </button>
      <button
        className="btn btn2"
        name="9"
        onClick={[Function]}
        type="button"
      >
        9
      </button>
      <button
        className="btn btn3"
        name="×"
        onClick={[Function]}
        type="button"
      >
        ×
      </button>
    </div>
    <div
      className="btnCont"
    >
      <button
        className="btn btn0"
        name="4"
        onClick={[Function]}
        type="button"
      >
        4
      </button>
      <button
        className="btn btn1"
        name="5"
        onClick={[Function]}
        type="button"
      >
        5
      </button>
      <button
        className="btn btn2"
        name="6"
        onClick={[Function]}
        type="button"
      >
        6
      </button>
      <button
        className="btn btn3"
        name="−"
        onClick={[Function]}
        type="button"
      >
        −
      </button>
    </div>
    <div
      className="btnCont"
    >
      <button
        className="btn btn0"
        name="1"
        onClick={[Function]}
        type="button"
      >
        1
      </button>
      <button
        className="btn btn1"
        name="2"
        onClick={[Function]}
        type="button"
      >
        2
      </button>
      <button
        className="btn btn2"
        name="3"
        onClick={[Function]}
        type="button"
      >
        3
      </button>
      <button
        className="btn btn3"
        name="+"
        onClick={[Function]}
        type="button"
      >
        +
      </button>
    </div>
    <div
      className="btnCont"
    >
      <button
        className="btn btn0"
        name="0"
        onClick={[Function]}
        type="button"
      >
        0
      </button>
      <button
        className="btn btn1"
        name="."
        onClick={[Function]}
        type="button"
      >
        .
      </button>
      <button
        className="btn btn2"
        name="="
        onClick={[Function]}
        type="button"
      >
        =
      </button>
    </div>
  </div>
</div>
`;
